// Jest Snapshot v1, https://goo.gl/fbAQLP

exports[`should render EditExpense page correctly 1`] = `
<div
  className="container"
>
  <h1>
    Edit Expense
  </h1>
  <ExpenseForm
    expense={
      Object {
        "amount": 4500,
        "createdAt": 345600000,
        "description": "Credit card",
        "id": "3",
        "note": "",
      }
    }
    onSubmit={[Function]}
  />
</div>
`;
