// Jest Snapshot v1, https://goo.gl/fbAQLP

exports[`expect expense dashboard to render 1`] = `
<div
  className="container"
>
  <Connect(ExpenseListFilters) />
  <Connect(ExpenseList) />
</div>
`;
